// Jest Snapshot v1, https://goo.gl/fbAQLP

exports[`<FluidSegment /> renders correctly 1`] = `
<div
  className="ui segment"
  style={
    Object {
      "height": "100%",
    }
  }
/>
`;
